%!Adobe-FontList 1.14
%Locale:0x40c

%BeginFont
Handler:DirectoryHandler
FontType:Invalid
OutlineFileName:\\fileserver\users\etudiants\dutmmi-2020\22001001\Documents\INTEGRATION WEB\Halloween\Halloween\Font\opensans-light-webfont.woff
FileModTime:1634200110
%EndFont

%BeginFont
Handler:DirectoryHandler
FontType:Invalid
OutlineFileName:\\fileserver\users\etudiants\dutmmi-2020\22001001\Documents\INTEGRATION WEB\Halloween\Halloween\Font\opensans-light-webfont.woff2
FileModTime:1634200110
%EndFont

%BeginFont
Handler:DirectoryHandler
FontType:Invalid
OutlineFileName:\\fileserver\users\etudiants\dutmmi-2020\22001001\Documents\INTEGRATION WEB\Halloween\Halloween\Font\opensans-semibold-webfont.woff
FileModTime:1634200110
%EndFont

%BeginFont
Handler:DirectoryHandler
FontType:Invalid
OutlineFileName:\\fileserver\users\etudiants\dutmmi-2020\22001001\Documents\INTEGRATION WEB\Halloween\Halloween\Font\opensans-semibold-webfont.woff2
FileModTime:1634200110
%EndFont

%BeginFont
Handler:DirectoryHandler
FontType:Invalid
OutlineFileName:\\fileserver\users\etudiants\dutmmi-2020\22001001\Documents\INTEGRATION WEB\Halloween\Halloween\Font\rf_krabuler_regular-webfont.woff
FileModTime:1634200426
%EndFont

%BeginFont
Handler:DirectoryHandler
FontType:Invalid
OutlineFileName:\\fileserver\users\etudiants\dutmmi-2020\22001001\Documents\INTEGRATION WEB\Halloween\Halloween\Font\rf_krabuler_regular-webfont.woff2
FileModTime:1634200426
%EndFont

%BeginFont
Handler:DirectoryHandler
FontType:Invalid
OutlineFileName:\\fileserver\users\etudiants\dutmmi-2020\22001001\Documents\INTEGRATION WEB\Halloween\Halloween\Font\youngfrankexpandital-webfont.woff
FileModTime:1634200158
%EndFont

%BeginFont
Handler:DirectoryHandler
FontType:Invalid
OutlineFileName:\\fileserver\users\etudiants\dutmmi-2020\22001001\Documents\INTEGRATION WEB\Halloween\Halloween\Font\youngfrankexpandital-webfont.woff2
FileModTime:1634200158
%EndFont

